make[1]: Entering directory `/rhome/wzeng002/Documents/GitHub/concatenation'
make[1]: `counter_concatenation.out' is up to date.
make[1]: Leaving directory `/rhome/wzeng002/Documents/GitHub/concatenation'
start job on c26 405 150/10 Sat May 30 12:32:37 PDT 2020
10 data_hpcc/random3/trial405-0 Sat May 30 12:32:37 PDT 2020 10 data_hpcc/random3/trial405-1 Sat May 30 12:32:37 PDT 2020 10 data_hpcc/random3/trial405-2 Sat May 30 12:32:37 PDT 2020 10 data_hpcc/random3/trial405-3 Sat May 30 12:32:37 PDT 2020 10 data_hpcc/random3/trial405-4 Sat May 30 12:32:37 PDT 2020 10 data_hpcc/random3/trial405-5 Sat May 30 12:32:37 PDT 2020 10 data_hpcc/random3/trial405-6 Sat May 30 12:32:37 PDT 2020 10 data_hpcc/random3/trial405-7 Sat May 30 12:32:37 PDT 2020 10 data_hpcc/random3/trial405-8 Sat May 30 12:32:37 PDT 2020 10 data_hpcc/random3/trial405-9 Sat May 30 12:32:37 PDT 2020 10 data_hpcc/random3/trial405-10 Sat May 30 12:32:37 PDT 2020 10 data_hpcc/random3/trial405-11 Sat May 30 12:32:37 PDT 2020 10 data_hpcc/random3/trial405-12 Sat May 30 12:32:37 PDT 2020 10 data_hpcc/random3/trial405-13 Sat May 30 12:32:37 PDT 2020 10 data_hpcc/random3/trial405-14 Sat May 30 12:32:37 PDT 2020 10 data_hpcc/random3/trial405-15 Sat May 30 12:32:37 PDT 2020 10 data_hpcc/random3/trial405-16 Sat May 30 12:32:37 PDT 2020 10 data_hpcc/random3/trial405-17 Sat May 30 12:32:37 PDT 2020 10 data_hpcc/random3/trial405-18 Sat May 30 12:32:37 PDT 2020 10 data_hpcc/random3/trial405-19 Sat May 30 12:32:37 PDT 2020 10 data_hpcc/random3/trial405-20 Sat May 30 12:32:37 PDT 2020 10 data_hpcc/random3/trial405-21 Sat May 30 12:32:37 PDT 2020 10 data_hpcc/random3/trial405-22 Sat May 30 12:32:37 PDT 2020 10 data_hpcc/random3/trial405-23 Sat May 30 12:32:37 PDT 2020 10 data_hpcc/random3/trial405-24 Sat May 30 12:32:37 PDT 2020 10 data_hpcc/random3/trial405-25 Sat May 30 12:32:37 PDT 2020 10 data_hpcc/random3/trial405-26 Sat May 30 12:32:37 PDT 2020 10 data_hpcc/random3/trial405-27 Sat May 30 12:32:37 PDT 2020 10 data_hpcc/random3/trial405-28 Sat May 30 12:32:37 PDT 2020 10 data_hpcc/random3/trial405-29 Sat May 30 12:32:37 PDT 2020 10 data_hpcc/random3/trial405-30 Sat May 30 12:32:37 PDT 2020 10 data_hpcc/random3/trial405-31 Sat May 30 12:32:37 PDT 2020 10 data_hpcc/random3/trial405-32 Sat May 30 12:32:37 PDT 2020 10 data_hpcc/random3/trial405-33 Sat May 30 12:32:37 PDT 2020 10 data_hpcc/random3/trial405-34 Sat May 30 12:32:37 PDT 2020 10 data_hpcc/random3/trial405-35 Sat May 30 12:32:37 PDT 2020 10 data_hpcc/random3/trial405-36 Sat May 30 12:32:37 PDT 2020 10 data_hpcc/random3/trial405-37 Sat May 30 12:32:37 PDT 2020 10 data_hpcc/random3/trial405-38 Sat May 30 12:32:37 PDT 2020 10 data_hpcc/random3/trial405-39 Sat May 30 12:32:37 PDT 2020 10 data_hpcc/random3/trial405-40 Sat May 30 12:32:37 PDT 2020 10 data_hpcc/random3/trial405-41 Sat May 30 12:32:37 PDT 2020 10 data_hpcc/random3/trial405-42 Sat May 30 12:32:37 PDT 2020 10 data_hpcc/random3/trial405-43 Sat May 30 12:32:37 PDT 2020 10 data_hpcc/random3/trial405-44 Sat May 30 12:32:37 PDT 2020 10 data_hpcc/random3/trial405-45 Sat May 30 12:32:37 PDT 2020 10 data_hpcc/random3/trial405-46 Sat May 30 12:32:37 PDT 2020 10 data_hpcc/random3/trial405-47 Sat May 30 12:32:37 PDT 2020 10 data_hpcc/random3/trial405-48 Sat May 30 12:32:37 PDT 2020 10 data_hpcc/random3/trial405-49 Sat May 30 12:32:37 PDT 2020 10 data_hpcc/random3/trial405-50 Sat May 30 12:32:37 PDT 2020 10 data_hpcc/random3/trial405-51 Sat May 30 12:32:37 PDT 2020 10 data_hpcc/random3/trial405-52 Sat May 30 12:32:37 PDT 2020 10 data_hpcc/random3/trial405-53 Sat May 30 12:32:37 PDT 2020 10 data_hpcc/random3/trial405-54 Sat May 30 12:32:37 PDT 2020 10 data_hpcc/random3/trial405-55 Sat May 30 12:32:37 PDT 2020 10 data_hpcc/random3/trial405-56 Sat May 30 12:32:37 PDT 2020 10 data_hpcc/random3/trial405-57 Sat May 30 12:32:37 PDT 2020 10 data_hpcc/random3/trial405-58 Sat May 30 12:32:37 PDT 2020 10 data_hpcc/random3/trial405-59 Sat May 30 12:32:37 PDT 2020 10 data_hpcc/random3/trial405-60 Sat May 30 12:32:37 PDT 2020 10 data_hpcc/random3/trial405-61 Sat May 30 12:32:37 PDT 2020 10 data_hpcc/random3/trial405-62 Sat May 30 12:32:37 PDT 2020 10 data_hpcc/random3/trial405-63 Sat May 30 12:32:37 PDT 2020 10 data_hpcc/random3/trial405-64 Sat May 30 12:32:37 PDT 2020 10 data_hpcc/random3/trial405-65 Sat May 30 12:32:37 PDT 2020 10 data_hpcc/random3/trial405-66 Sat May 30 12:32:37 PDT 2020 10 data_hpcc/random3/trial405-67 Sat May 30 12:32:37 PDT 2020 10 data_hpcc/random3/trial405-68 Sat May 30 12:32:37 PDT 2020 10 data_hpcc/random3/trial405-69 Sat May 30 12:32:37 PDT 2020 10 data_hpcc/random3/trial405-70 Sat May 30 12:32:37 PDT 2020 10 data_hpcc/random3/trial405-71 Sat May 30 12:32:37 PDT 2020 10 data_hpcc/random3/trial405-72 Sat May 30 12:32:37 PDT 2020 10 data_hpcc/random3/trial405-73 Sat May 30 12:32:38 PDT 2020 10 data_hpcc/random3/trial405-74 Sat May 30 12:32:38 PDT 2020 10 data_hpcc/random3/trial405-75 Sat May 30 12:32:38 PDT 2020 10 data_hpcc/random3/trial405-76 Sat May 30 12:32:38 PDT 2020 10 data_hpcc/random3/trial405-77 Sat May 30 12:32:38 PDT 2020 10 data_hpcc/random3/trial405-78 Sat May 30 12:32:38 PDT 2020 10 data_hpcc/random3/trial405-79 Sat May 30 12:32:38 PDT 2020 10 data_hpcc/random3/trial405-80 Sat May 30 12:32:38 PDT 2020 10 data_hpcc/random3/trial405-81 Sat May 30 12:32:38 PDT 2020 10 data_hpcc/random3/trial405-82 Sat May 30 12:32:38 PDT 2020 10 data_hpcc/random3/trial405-83 Sat May 30 12:32:38 PDT 2020 10 data_hpcc/random3/trial405-84 Sat May 30 12:32:38 PDT 2020 10 data_hpcc/random3/trial405-85 Sat May 30 12:32:38 PDT 2020 10 data_hpcc/random3/trial405-86 Sat May 30 12:32:38 PDT 2020 10 data_hpcc/random3/trial405-87 Sat May 30 12:32:38 PDT 2020 10 data_hpcc/random3/trial405-88 Sat May 30 12:32:38 PDT 2020 10 data_hpcc/random3/trial405-89 Sat May 30 12:32:38 PDT 2020 10 data_hpcc/random3/trial405-90 Sat May 30 12:32:38 PDT 2020 10 data_hpcc/random3/trial405-91 Sat May 30 12:32:38 PDT 2020 10 data_hpcc/random3/trial405-92 Sat May 30 12:32:38 PDT 2020 10 data_hpcc/random3/trial405-93 Sat May 30 12:32:38 PDT 2020 10 data_hpcc/random3/trial405-94 Sat May 30 12:32:38 PDT 2020 10 data_hpcc/random3/trial405-95 Sat May 30 12:32:38 PDT 2020 10 data_hpcc/random3/trial405-96 Sat May 30 12:32:38 PDT 2020 10 data_hpcc/random3/trial405-97 Sat May 30 12:32:38 PDT 2020 10 data_hpcc/random3/trial405-98 Sat May 30 12:32:38 PDT 2020 10 data_hpcc/random3/trial405-99 Sat May 30 12:32:38 PDT 2020 10 data_hpcc/random3/trial405-100 Sat May 30 12:32:38 PDT 2020 10 data_hpcc/random3/trial405-101 Sat May 30 12:32:38 PDT 2020 10 data_hpcc/random3/trial405-102 Sat May 30 12:32:38 PDT 2020 10 data_hpcc/random3/trial405-103 Sat May 30 12:32:38 PDT 2020 10 data_hpcc/random3/trial405-104 Sat May 30 12:32:38 PDT 2020 10 data_hpcc/random3/trial405-105 Sat May 30 12:32:38 PDT 2020 10 data_hpcc/random3/trial405-106 Sat May 30 12:32:38 PDT 2020 10 data_hpcc/random3/trial405-107 Sat May 30 12:32:38 PDT 2020 10 data_hpcc/random3/trial405-108 Sat May 30 12:32:38 PDT 2020 10 data_hpcc/random3/trial405-109 Sat May 30 12:32:38 PDT 2020 10 data_hpcc/random3/trial405-110 Sat May 30 12:32:38 PDT 2020 10 data_hpcc/random3/trial405-111 Sat May 30 12:32:38 PDT 2020 10 data_hpcc/random3/trial405-112 Sat May 30 12:32:38 PDT 2020 10 data_hpcc/random3/trial405-113 Sat May 30 12:32:38 PDT 2020 10 data_hpcc/random3/trial405-114 Sat May 30 12:32:38 PDT 2020 10 data_hpcc/random3/trial405-115 Sat May 30 12:32:38 PDT 2020 10 data_hpcc/random3/trial405-116 Sat May 30 12:32:38 PDT 2020 10 data_hpcc/random3/trial405-117 Sat May 30 12:32:38 PDT 2020 10 data_hpcc/random3/trial405-118 Sat May 30 12:32:38 PDT 2020 10 data_hpcc/random3/trial405-119 Sat May 30 12:32:38 PDT 2020 10 data_hpcc/random3/trial405-120 Sat May 30 12:32:38 PDT 2020 10 data_hpcc/random3/trial405-121 Sat May 30 12:32:38 PDT 2020 10 data_hpcc/random3/trial405-122 Sat May 30 12:32:38 PDT 2020 10 data_hpcc/random3/trial405-123 Sat May 30 12:32:38 PDT 2020 10 data_hpcc/random3/trial405-124 Sat May 30 12:32:38 PDT 2020 10 data_hpcc/random3/trial405-125 Sat May 30 12:32:38 PDT 2020 10 data_hpcc/random3/trial405-126 Sat May 30 12:32:38 PDT 2020 10 data_hpcc/random3/trial405-127 Sat May 30 12:32:38 PDT 2020 10 data_hpcc/random3/trial405-128 Sat May 30 12:32:38 PDT 2020 10 data_hpcc/random3/trial405-129 Sat May 30 12:32:38 PDT 2020 10 data_hpcc/random3/trial405-130 Sat May 30 12:32:38 PDT 2020 10 data_hpcc/random3/trial405-131 Sat May 30 12:32:38 PDT 2020 10 data_hpcc/random3/trial405-132 Sat May 30 12:32:38 PDT 2020 10 data_hpcc/random3/trial405-133 Sat May 30 12:32:38 PDT 2020 10 data_hpcc/random3/trial405-134 Sat May 30 12:32:38 PDT 2020 10 data_hpcc/random3/trial405-135 Sat May 30 12:32:38 PDT 2020 10 data_hpcc/random3/trial405-136 Sat May 30 12:32:38 PDT 2020 10 data_hpcc/random3/trial405-137 Sat May 30 12:32:38 PDT 2020 10 data_hpcc/random3/trial405-138 Sat May 30 12:32:38 PDT 2020 10 data_hpcc/random3/trial405-139 Sat May 30 12:32:38 PDT 2020 10 data_hpcc/random3/trial405-140 Sat May 30 12:32:38 PDT 2020 10 data_hpcc/random3/trial405-141 Sat May 30 12:32:38 PDT 2020 10 data_hpcc/random3/trial405-142 Sat May 30 12:32:38 PDT 2020 10 data_hpcc/random3/trial405-143 Sat May 30 12:32:38 PDT 2020 10 data_hpcc/random3/trial405-144 Sat May 30 12:32:38 PDT 2020 10 data_hpcc/random3/trial405-145 Sat May 30 12:32:38 PDT 2020 10 data_hpcc/random3/trial405-146 Sat May 30 12:32:38 PDT 2020 10 data_hpcc/random3/trial405-147 Sat May 30 12:32:38 PDT 2020 10 data_hpcc/random3/trial405-148 Sat May 30 12:32:38 PDT 2020 finish job on c26 405 150/10 Sat May 30 12:32:39 PDT 2020
